<?xml version="1.0"?>
<link_info>
   <banner>TI ARM Linker PC v5.1.1</banner>
   <copyright>Copyright (c) 1996-2013 Texas Instruments Incorporated</copyright>
   <link_time>0x53c3b16d</link_time>
   <link_errors>0x0</link_errors>
   <output_file>LineFollowingRobot.out</output_file>
   <entry_point>
      <name>_c_int00</name>
      <address>0x31c5</address>
   </entry_point>
   <input_file_list>
      <input_file id="fl-2">
         <path>.\</path>
         <kind>object</kind>
         <file>tm4c123gh6pm_startup_ccs.obj</file>
         <name>tm4c123gh6pm_startup_ccs.obj</name>
      </input_file>
      <input_file id="fl-3">
         <path>.\</path>
         <kind>object</kind>
         <file>sensors.obj</file>
         <name>sensors.obj</name>
      </input_file>
      <input_file id="fl-4">
         <path>.\</path>
         <kind>object</kind>
         <file>motors.obj</file>
         <name>motors.obj</name>
      </input_file>
      <input_file id="fl-5">
         <path>.\</path>
         <kind>object</kind>
         <file>line_following_robot.obj</file>
         <name>line_following_robot.obj</name>
      </input_file>
      <input_file id="fl-6">
         <path>.\</path>
         <kind>object</kind>
         <file>lcd.obj</file>
         <name>lcd.obj</name>
      </input_file>
      <input_file id="fl-7">
         <path>.\</path>
         <kind>object</kind>
         <file>delay.obj</file>
         <name>delay.obj</name>
      </input_file>
      <input_file id="fl-8">
         <path>.\</path>
         <kind>object</kind>
         <file>buttons.obj</file>
         <name>buttons.obj</name>
      </input_file>
      <input_file id="fl-d">
         <path>C:\TI\TivaWare_C_Series-2.1.0.12573\driverlib\ccs\Debug\</path>
         <kind>archive</kind>
         <file>driverlib.lib</file>
         <name>systick.obj</name>
      </input_file>
      <input_file id="fl-e">
         <path>C:\TI\TivaWare_C_Series-2.1.0.12573\driverlib\ccs\Debug\</path>
         <kind>archive</kind>
         <file>driverlib.lib</file>
         <name>sysctl.obj</name>
      </input_file>
      <input_file id="fl-f">
         <path>C:\TI\TivaWare_C_Series-2.1.0.12573\driverlib\ccs\Debug\</path>
         <kind>archive</kind>
         <file>driverlib.lib</file>
         <name>pwm.obj</name>
      </input_file>
      <input_file id="fl-10">
         <path>C:\TI\TivaWare_C_Series-2.1.0.12573\driverlib\ccs\Debug\</path>
         <kind>archive</kind>
         <file>driverlib.lib</file>
         <name>interrupt.obj</name>
      </input_file>
      <input_file id="fl-11">
         <path>C:\TI\TivaWare_C_Series-2.1.0.12573\driverlib\ccs\Debug\</path>
         <kind>archive</kind>
         <file>driverlib.lib</file>
         <name>gpio.obj</name>
      </input_file>
      <input_file id="fl-12">
         <path>C:\TI\TivaWare_C_Series-2.1.0.12573\driverlib\ccs\Debug\</path>
         <kind>archive</kind>
         <file>driverlib.lib</file>
         <name>cpu.obj</name>
      </input_file>
      <input_file id="fl-13c">
         <path>C:\ti\ccsv5\tools\compiler\arm_5.1.1\lib\</path>
         <kind>archive</kind>
         <file>rtsv7M4_T_le_v4SPD16_eabi.lib</file>
         <name>boot.obj</name>
      </input_file>
      <input_file id="fl-13d">
         <path>C:\ti\ccsv5\tools\compiler\arm_5.1.1\lib\</path>
         <kind>archive</kind>
         <file>rtsv7M4_T_le_v4SPD16_eabi.lib</file>
         <name>copy_decompress_none.obj</name>
      </input_file>
      <input_file id="fl-13e">
         <path>C:\ti\ccsv5\tools\compiler\arm_5.1.1\lib\</path>
         <kind>archive</kind>
         <file>rtsv7M4_T_le_v4SPD16_eabi.lib</file>
         <name>copy_decompress_rle.obj</name>
      </input_file>
      <input_file id="fl-13f">
         <path>C:\ti\ccsv5\tools\compiler\arm_5.1.1\lib\</path>
         <kind>archive</kind>
         <file>rtsv7M4_T_le_v4SPD16_eabi.lib</file>
         <name>copy_zero_init.obj</name>
      </input_file>
      <input_file id="fl-140">
         <path>C:\ti\ccsv5\tools\compiler\arm_5.1.1\lib\</path>
         <kind>archive</kind>
         <file>rtsv7M4_T_le_v4SPD16_eabi.lib</file>
         <name>exit.obj</name>
      </input_file>
      <input_file id="fl-141">
         <path>C:\ti\ccsv5\tools\compiler\arm_5.1.1\lib\</path>
         <kind>archive</kind>
         <file>rtsv7M4_T_le_v4SPD16_eabi.lib</file>
         <name>memcpy_t2.obj</name>
      </input_file>
      <input_file id="fl-142">
         <path>C:\ti\ccsv5\tools\compiler\arm_5.1.1\lib\</path>
         <kind>archive</kind>
         <file>rtsv7M4_T_le_v4SPD16_eabi.lib</file>
         <name>memory.obj</name>
      </input_file>
      <input_file id="fl-143">
         <path>C:\ti\ccsv5\tools\compiler\arm_5.1.1\lib\</path>
         <kind>archive</kind>
         <file>rtsv7M4_T_le_v4SPD16_eabi.lib</file>
         <name>sprintf.obj</name>
      </input_file>
      <input_file id="fl-144">
         <path>C:\ti\ccsv5\tools\compiler\arm_5.1.1\lib\</path>
         <kind>archive</kind>
         <file>rtsv7M4_T_le_v4SPD16_eabi.lib</file>
         <name>stkdepth_vars.obj</name>
      </input_file>
      <input_file id="fl-145">
         <path>C:\ti\ccsv5\tools\compiler\arm_5.1.1\lib\</path>
         <kind>archive</kind>
         <file>rtsv7M4_T_le_v4SPD16_eabi.lib</file>
         <name>_lock.obj</name>
      </input_file>
      <input_file id="fl-146">
         <path>C:\ti\ccsv5\tools\compiler\arm_5.1.1\lib\</path>
         <kind>archive</kind>
         <file>rtsv7M4_T_le_v4SPD16_eabi.lib</file>
         <name>_printfi.obj</name>
      </input_file>
      <input_file id="fl-147">
         <path>C:\ti\ccsv5\tools\compiler\arm_5.1.1\lib\</path>
         <kind>archive</kind>
         <file>rtsv7M4_T_le_v4SPD16_eabi.lib</file>
         <name>args_main.obj</name>
      </input_file>
      <input_file id="fl-148">
         <path>C:\ti\ccsv5\tools\compiler\arm_5.1.1\lib\</path>
         <kind>archive</kind>
         <file>rtsv7M4_T_le_v4SPD16_eabi.lib</file>
         <name>atoi.obj</name>
      </input_file>
      <input_file id="fl-149">
         <path>C:\ti\ccsv5\tools\compiler\arm_5.1.1\lib\</path>
         <kind>archive</kind>
         <file>rtsv7M4_T_le_v4SPD16_eabi.lib</file>
         <name>auto_init.obj</name>
      </input_file>
      <input_file id="fl-14a">
         <path>C:\ti\ccsv5\tools\compiler\arm_5.1.1\lib\</path>
         <kind>archive</kind>
         <file>rtsv7M4_T_le_v4SPD16_eabi.lib</file>
         <name>cpy_tbl.obj</name>
      </input_file>
      <input_file id="fl-14b">
         <path>C:\ti\ccsv5\tools\compiler\arm_5.1.1\lib\</path>
         <kind>archive</kind>
         <file>rtsv7M4_T_le_v4SPD16_eabi.lib</file>
         <name>ctype.obj</name>
      </input_file>
      <input_file id="fl-14c">
         <path>C:\ti\ccsv5\tools\compiler\arm_5.1.1\lib\</path>
         <kind>archive</kind>
         <file>rtsv7M4_T_le_v4SPD16_eabi.lib</file>
         <name>fd_add_t2.obj</name>
      </input_file>
      <input_file id="fl-14d">
         <path>C:\ti\ccsv5\tools\compiler\arm_5.1.1\lib\</path>
         <kind>archive</kind>
         <file>rtsv7M4_T_le_v4SPD16_eabi.lib</file>
         <name>fd_cmp_t2.obj</name>
      </input_file>
      <input_file id="fl-14e">
         <path>C:\ti\ccsv5\tools\compiler\arm_5.1.1\lib\</path>
         <kind>archive</kind>
         <file>rtsv7M4_T_le_v4SPD16_eabi.lib</file>
         <name>fd_div_t2.obj</name>
      </input_file>
      <input_file id="fl-14f">
         <path>C:\ti\ccsv5\tools\compiler\arm_5.1.1\lib\</path>
         <kind>archive</kind>
         <file>rtsv7M4_T_le_v4SPD16_eabi.lib</file>
         <name>fd_mul_t2.obj</name>
      </input_file>
      <input_file id="fl-150">
         <path>C:\ti\ccsv5\tools\compiler\arm_5.1.1\lib\</path>
         <kind>archive</kind>
         <file>rtsv7M4_T_le_v4SPD16_eabi.lib</file>
         <name>fd_toi_t2.obj</name>
      </input_file>
      <input_file id="fl-151">
         <path>C:\ti\ccsv5\tools\compiler\arm_5.1.1\lib\</path>
         <kind>archive</kind>
         <file>rtsv7M4_T_le_v4SPD16_eabi.lib</file>
         <name>i_tofd_t2.obj</name>
      </input_file>
      <input_file id="fl-152">
         <path>C:\ti\ccsv5\tools\compiler\arm_5.1.1\lib\</path>
         <kind>archive</kind>
         <file>rtsv7M4_T_le_v4SPD16_eabi.lib</file>
         <name>ll_mul_t2.obj</name>
      </input_file>
      <input_file id="fl-153">
         <path>C:\ti\ccsv5\tools\compiler\arm_5.1.1\lib\</path>
         <kind>archive</kind>
         <file>rtsv7M4_T_le_v4SPD16_eabi.lib</file>
         <name>ltoa.obj</name>
      </input_file>
      <input_file id="fl-154">
         <path>C:\ti\ccsv5\tools\compiler\arm_5.1.1\lib\</path>
         <kind>archive</kind>
         <file>rtsv7M4_T_le_v4SPD16_eabi.lib</file>
         <name>memccpy.obj</name>
      </input_file>
      <input_file id="fl-155">
         <path>C:\ti\ccsv5\tools\compiler\arm_5.1.1\lib\</path>
         <kind>archive</kind>
         <file>rtsv7M4_T_le_v4SPD16_eabi.lib</file>
         <name>memset_t2.obj</name>
      </input_file>
      <input_file id="fl-156">
         <path>C:\ti\ccsv5\tools\compiler\arm_5.1.1\lib\</path>
         <kind>archive</kind>
         <file>rtsv7M4_T_le_v4SPD16_eabi.lib</file>
         <name>strlen.obj</name>
      </input_file>
      <input_file id="fl-157">
         <path>C:\ti\ccsv5\tools\compiler\arm_5.1.1\lib\</path>
         <kind>archive</kind>
         <file>rtsv7M4_T_le_v4SPD16_eabi.lib</file>
         <name>ull_div_t2.obj</name>
      </input_file>
      <input_file id="fl-158">
         <path>C:\ti\ccsv5\tools\compiler\arm_5.1.1\lib\</path>
         <kind>archive</kind>
         <file>rtsv7M4_T_le_v4SPD16_eabi.lib</file>
         <name>xdclass.obj</name>
      </input_file>
      <input_file id="fl-159">
         <path>C:\ti\ccsv5\tools\compiler\arm_5.1.1\lib\</path>
         <kind>archive</kind>
         <file>rtsv7M4_T_le_v4SPD16_eabi.lib</file>
         <name>xdtest.obj</name>
      </input_file>
   </input_file_list>
   <object_component_list>
      <object_component id="oc-e">
         <name>.intvecs</name>
         <load_address>0x0</load_address>
         <run_address>0x0</run_address>
         <size>0x26c</size>
         <input_file_ref idref="fl-2"/>
      </object_component>
      <object_component id="oc-16b">
         <name>.text</name>
         <load_address>0x26c</load_address>
         <run_address>0x26c</run_address>
         <size>0xe8c</size>
         <input_file_ref idref="fl-146"/>
      </object_component>
      <object_component id="oc-2b">
         <name>.text</name>
         <load_address>0x10f8</load_address>
         <run_address>0x10f8</run_address>
         <size>0xae4</size>
         <input_file_ref idref="fl-5"/>
      </object_component>
      <object_component id="oc-66">
         <name>.text</name>
         <load_address>0x1bdc</load_address>
         <run_address>0x1bdc</run_address>
         <size>0x3cc</size>
         <input_file_ref idref="fl-142"/>
      </object_component>
      <object_component id="oc-97">
         <name>.text</name>
         <load_address>0x1fa8</load_address>
         <run_address>0x1fa8</run_address>
         <size>0x218</size>
         <input_file_ref idref="fl-6"/>
      </object_component>
      <object_component id="oc-1bf">
         <name>.text</name>
         <load_address>0x21c0</load_address>
         <run_address>0x21c0</run_address>
         <size>0x1f4</size>
         <input_file_ref idref="fl-157"/>
      </object_component>
      <object_component id="oc-6b">
         <name>.text</name>
         <load_address>0x23b4</load_address>
         <run_address>0x23b4</run_address>
         <size>0x1cc</size>
         <input_file_ref idref="fl-4"/>
      </object_component>
      <object_component id="oc-1e9">
         <name>.text</name>
         <load_address>0x2580</load_address>
         <run_address>0x2580</run_address>
         <size>0x1b6</size>
         <input_file_ref idref="fl-14c"/>
      </object_component>
      <object_component id="oc-1d4">
         <name>.text</name>
         <load_address>0x2736</load_address>
         <run_address>0x2736</run_address>
         <size>0x136</size>
         <input_file_ref idref="fl-14e"/>
      </object_component>
      <object_component id="oc-190">
         <name>.text:GPIOPadConfigSet</name>
         <load_address>0x286c</load_address>
         <run_address>0x286c</run_address>
         <size>0x130</size>
         <input_file_ref idref="fl-11"/>
      </object_component>
      <object_component id="oc-77">
         <name>.text:SysCtlClockGet</name>
         <load_address>0x299c</load_address>
         <run_address>0x299c</run_address>
         <size>0x118</size>
         <input_file_ref idref="fl-e"/>
      </object_component>
      <object_component id="oc-1d0">
         <name>.text</name>
         <load_address>0x2ab4</load_address>
         <run_address>0x2ab4</run_address>
         <size>0xfc</size>
         <input_file_ref idref="fl-14f"/>
      </object_component>
      <object_component id="oc-9d">
         <name>.text:SysCtlClockSet</name>
         <load_address>0x2bb0</load_address>
         <run_address>0x2bb0</run_address>
         <size>0xf0</size>
         <input_file_ref idref="fl-e"/>
      </object_component>
      <object_component id="oc-72">
         <name>.text</name>
         <load_address>0x2ca0</load_address>
         <run_address>0x2ca0</run_address>
         <size>0xd4</size>
         <input_file_ref idref="fl-8"/>
      </object_component>
      <object_component id="oc-44">
         <name>.text</name>
         <load_address>0x2d74</load_address>
         <run_address>0x2d74</run_address>
         <size>0x9c</size>
         <input_file_ref idref="fl-141"/>
      </object_component>
      <object_component id="oc-33">
         <name>.text</name>
         <load_address>0x2e10</load_address>
         <run_address>0x2e10</run_address>
         <size>0x94</size>
         <input_file_ref idref="fl-149"/>
      </object_component>
      <object_component id="oc-1cc">
         <name>.text:__aeabi_cdcmple</name>
         <load_address>0x2ea4</load_address>
         <run_address>0x2ea4</run_address>
         <size>0x7e</size>
         <input_file_ref idref="fl-14d"/>
      </object_component>
      <object_component id="oc-1d8">
         <name>.text:__aeabi_cdrcmple</name>
         <load_address>0x2f22</load_address>
         <run_address>0x2f22</run_address>
         <size>0x7e</size>
         <input_file_ref idref="fl-14d"/>
      </object_component>
      <object_component id="oc-1ed">
         <name>.text</name>
         <load_address>0x2fa0</load_address>
         <run_address>0x2fa0</run_address>
         <size>0x78</size>
         <input_file_ref idref="fl-155"/>
      </object_component>
      <object_component id="oc-af">
         <name>.text</name>
         <load_address>0x3018</load_address>
         <run_address>0x3018</run_address>
         <size>0x60</size>
         <input_file_ref idref="fl-143"/>
      </object_component>
      <object_component id="oc-56">
         <name>.text</name>
         <load_address>0x3078</load_address>
         <run_address>0x3078</run_address>
         <size>0x5e</size>
         <input_file_ref idref="fl-13e"/>
      </object_component>
      <object_component id="oc-1e0">
         <name>.text</name>
         <load_address>0x30d6</load_address>
         <run_address>0x30d6</run_address>
         <size>0x5a</size>
         <input_file_ref idref="fl-153"/>
      </object_component>
      <object_component id="oc-1fb">
         <name>.text</name>
         <load_address>0x3130</load_address>
         <run_address>0x3130</run_address>
         <size>0x4c</size>
         <input_file_ref idref="fl-148"/>
      </object_component>
      <object_component id="oc-10d">
         <name>.text:GPIOPinConfigure</name>
         <load_address>0x317c</load_address>
         <run_address>0x317c</run_address>
         <size>0x48</size>
         <input_file_ref idref="fl-11"/>
      </object_component>
      <object_component id="oc-10">
         <name>.text</name>
         <load_address>0x31c4</load_address>
         <run_address>0x31c4</run_address>
         <size>0x48</size>
         <input_file_ref idref="fl-13c"/>
      </object_component>
      <object_component id="oc-1dc">
         <name>.text</name>
         <load_address>0x320c</load_address>
         <run_address>0x320c</run_address>
         <size>0x48</size>
         <input_file_ref idref="fl-150"/>
      </object_component>
      <object_component id="oc-c8">
         <name>.text</name>
         <load_address>0x3254</load_address>
         <run_address>0x3254</run_address>
         <size>0x44</size>
         <input_file_ref idref="fl-14a"/>
      </object_component>
      <object_component id="oc-3c">
         <name>.text</name>
         <load_address>0x3298</load_address>
         <run_address>0x3298</run_address>
         <size>0x44</size>
         <input_file_ref idref="fl-140"/>
      </object_component>
      <object_component id="oc-234">
         <name>.text</name>
         <load_address>0x32dc</load_address>
         <run_address>0x32dc</run_address>
         <size>0x44</size>
         <input_file_ref idref="fl-159"/>
      </object_component>
      <object_component id="oc-a7">
         <name>.text</name>
         <load_address>0x3320</load_address>
         <run_address>0x3320</run_address>
         <size>0x38</size>
         <input_file_ref idref="fl-7"/>
      </object_component>
      <object_component id="oc-fe">
         <name>.text:SysCtlPeripheralEnable</name>
         <load_address>0x3358</load_address>
         <run_address>0x3358</run_address>
         <size>0x34</size>
         <input_file_ref idref="fl-e"/>
      </object_component>
      <object_component id="oc-1e5">
         <name>.text</name>
         <load_address>0x338c</load_address>
         <run_address>0x338c</run_address>
         <size>0x2e</size>
         <input_file_ref idref="fl-151"/>
      </object_component>
      <object_component id="oc-90">
         <name>.text</name>
         <load_address>0x33bc</load_address>
         <run_address>0x33bc</run_address>
         <size>0x2c</size>
         <input_file_ref idref="fl-3"/>
      </object_component>
      <object_component id="oc-195">
         <name>.text:GPIODirModeSet</name>
         <load_address>0x33e8</load_address>
         <run_address>0x33e8</run_address>
         <size>0x2a</size>
         <input_file_ref idref="fl-11"/>
      </object_component>
      <object_component id="oc-112">
         <name>.text:PWMGenConfigure</name>
         <load_address>0x3412</load_address>
         <run_address>0x3412</run_address>
         <size>0x22</size>
         <input_file_ref idref="fl-f"/>
      </object_component>
      <object_component id="oc-11c">
         <name>.text:PWMPulseWidthSet</name>
         <load_address>0x3434</load_address>
         <run_address>0x3434</run_address>
         <size>0x1e</size>
         <input_file_ref idref="fl-f"/>
      </object_component>
      <object_component id="oc-1f6">
         <name>.text</name>
         <load_address>0x3452</load_address>
         <run_address>0x3452</run_address>
         <size>0x1c</size>
         <input_file_ref idref="fl-154"/>
      </object_component>
      <object_component id="oc-103">
         <name>.text:GPIOPinTypeGPIOOutput</name>
         <load_address>0x346e</load_address>
         <run_address>0x346e</run_address>
         <size>0x18</size>
         <input_file_ref idref="fl-11"/>
      </object_component>
      <object_component id="oc-37">
         <name>.text</name>
         <load_address>0x3488</load_address>
         <run_address>0x3488</run_address>
         <size>0x18</size>
         <input_file_ref idref="fl-147"/>
      </object_component>
      <object_component id="oc-1c3">
         <name>.text</name>
         <load_address>0x34a0</load_address>
         <run_address>0x34a0</run_address>
         <size>0x18</size>
         <input_file_ref idref="fl-152"/>
      </object_component>
      <object_component id="oc-f9">
         <name>.text:SysCtlPWMClockSet</name>
         <load_address>0x34b8</load_address>
         <run_address>0x34b8</run_address>
         <size>0x14</size>
         <input_file_ref idref="fl-e"/>
      </object_component>
      <object_component id="oc-81">
         <name>.text:SysTickEnable</name>
         <load_address>0x34cc</load_address>
         <run_address>0x34cc</run_address>
         <size>0x14</size>
         <input_file_ref idref="fl-d"/>
      </object_component>
      <object_component id="oc-86">
         <name>.text:SysTickIntEnable</name>
         <load_address>0x34e0</load_address>
         <run_address>0x34e0</run_address>
         <size>0x14</size>
         <input_file_ref idref="fl-d"/>
      </object_component>
      <object_component id="oc-180">
         <name>.text</name>
         <load_address>0x34f4</load_address>
         <run_address>0x34f4</run_address>
         <size>0x14</size>
         <input_file_ref idref="fl-145"/>
      </object_component>
      <object_component id="oc-1c7">
         <name>.text</name>
         <load_address>0x3508</load_address>
         <run_address>0x3508</run_address>
         <size>0x14</size>
         <input_file_ref idref="fl-156"/>
      </object_component>
      <object_component id="oc-140">
         <name>.text:GPIOPinTypeGPIOInput</name>
         <load_address>0x351c</load_address>
         <run_address>0x351c</run_address>
         <size>0x12</size>
         <input_file_ref idref="fl-11"/>
      </object_component>
      <object_component id="oc-108">
         <name>.text:GPIOPinTypePWM</name>
         <load_address>0x352e</load_address>
         <run_address>0x352e</run_address>
         <size>0x12</size>
         <input_file_ref idref="fl-11"/>
      </object_component>
      <object_component id="oc-126">
         <name>.text:PWMOutputState</name>
         <load_address>0x3540</load_address>
         <run_address>0x3540</run_address>
         <size>0x12</size>
         <input_file_ref idref="fl-f"/>
      </object_component>
      <object_component id="oc-19">
         <name>.text:decompress:ZI</name>
         <load_address>0x3552</load_address>
         <run_address>0x3552</run_address>
         <size>0x12</size>
         <input_file_ref idref="fl-13f"/>
      </object_component>
      <object_component id="oc-1f1">
         <name>.text</name>
         <load_address>0x3564</load_address>
         <run_address>0x3564</run_address>
         <size>0x12</size>
         <input_file_ref idref="fl-158"/>
      </object_component>
      <object_component id="oc-117">
         <name>.text:PWMGenPeriodSet</name>
         <load_address>0x3576</load_address>
         <run_address>0x3576</run_address>
         <size>0x10</size>
         <input_file_ref idref="fl-f"/>
      </object_component>
      <object_component id="oc-7c">
         <name>.text:SysTickPeriodSet</name>
         <load_address>0x3588</load_address>
         <run_address>0x3588</run_address>
         <size>0x10</size>
         <input_file_ref idref="fl-d"/>
      </object_component>
      <object_component id="oc-14">
         <name>.text:decompress:none</name>
         <load_address>0x3598</load_address>
         <run_address>0x3598</run_address>
         <size>0xe</size>
         <input_file_ref idref="fl-13d"/>
      </object_component>
      <object_component id="oc-15f">
         <name>.text:CPUcpsie</name>
         <load_address>0x35a6</load_address>
         <run_address>0x35a6</run_address>
         <size>0xc</size>
         <input_file_ref idref="fl-12"/>
      </object_component>
      <object_component id="oc-121">
         <name>.text:PWMGenEnable</name>
         <load_address>0x35b2</load_address>
         <run_address>0x35b2</run_address>
         <size>0xc</size>
         <input_file_ref idref="fl-f"/>
      </object_component>
      <object_component id="oc-26">
         <name>.text</name>
         <load_address>0x35be</load_address>
         <run_address>0x35be</run_address>
         <size>0xc</size>
         <input_file_ref idref="fl-2"/>
      </object_component>
      <object_component id="oc-a2">
         <name>.text:IntMasterEnable</name>
         <load_address>0x35ca</load_address>
         <run_address>0x35ca</run_address>
         <size>0xa</size>
         <input_file_ref idref="fl-10"/>
      </object_component>
      <object_component id="oc-13b">
         <name>.text:GPIOPinRead</name>
         <load_address>0x35d4</load_address>
         <run_address>0x35d4</run_address>
         <size>0x6</size>
         <input_file_ref idref="fl-11"/>
      </object_component>
      <object_component id="oc-12b">
         <name>.text:GPIOPinWrite</name>
         <load_address>0x35da</load_address>
         <run_address>0x35da</run_address>
         <size>0x6</size>
         <input_file_ref idref="fl-11"/>
      </object_component>
      <object_component id="oc-15c">
         <name>.text:SysCtlDelay</name>
         <load_address>0x35e0</load_address>
         <run_address>0x35e0</run_address>
         <size>0x6</size>
         <input_file_ref idref="fl-e"/>
      </object_component>
      <object_component id="oc-1e">
         <name>.text:decompress:rle24</name>
         <load_address>0x35e6</load_address>
         <run_address>0x35e6</run_address>
         <size>0x6</size>
         <input_file_ref idref="fl-13e"/>
      </object_component>
      <object_component id="oc-23c">
         <name>.const:.string:_ctypes_</name>
         <load_address>0x35ec</load_address>
         <run_address>0x35ec</run_address>
         <size>0x102</size>
         <input_file_ref idref="fl-14b"/>
      </object_component>
      <object_component id="oc-19c">
         <name>.const:g_pui32GPIOBaseAddrs</name>
         <load_address>0x36f0</load_address>
         <run_address>0x36f0</run_address>
         <size>0x90</size>
         <input_file_ref idref="fl-11"/>
      </object_component>
      <object_component id="oc-149">
         <name>.const:g_pui32Xtals</name>
         <load_address>0x3780</load_address>
         <run_address>0x3780</run_address>
         <size>0x6c</size>
         <input_file_ref idref="fl-e"/>
      </object_component>
      <object_component id="oc-276">
         <name>.cinit..data.load</name>
         <load_address>0x37f0</load_address>
         <run_address>0x37f0</run_address>
         <size>0x31</size>
      </object_component>
      <object_component id="oc-274">
         <name>__TI_handler_table</name>
         <load_address>0x3824</load_address>
         <run_address>0x3824</run_address>
         <size>0xc</size>
      </object_component>
      <object_component id="oc-277">
         <name>.cinit..bss.load</name>
         <load_address>0x3830</load_address>
         <run_address>0x3830</run_address>
         <size>0x8</size>
      </object_component>
      <object_component id="oc-275">
         <name>__TI_cinit_table</name>
         <load_address>0x3838</load_address>
         <run_address>0x3838</run_address>
         <size>0x10</size>
      </object_component>
      <object_component id="oc-41">
         <name>.data</name>
         <load_address>0x2000103c</load_address>
         <run_address>0x2000103c</run_address>
         <size>0x4</size>
         <input_file_ref idref="fl-144"/>
      </object_component>
      <object_component id="oc-8c">
         <name>.data</name>
         <load_address>0x20001000</load_address>
         <run_address>0x20001000</run_address>
         <size>0x1a</size>
         <input_file_ref idref="fl-5"/>
      </object_component>
      <object_component id="oc-d0">
         <name>.data</name>
         <load_address>0x20001028</load_address>
         <run_address>0x20001028</run_address>
         <size>0x8</size>
         <input_file_ref idref="fl-145"/>
      </object_component>
      <object_component id="oc-d2">
         <name>.data</name>
         <load_address>0x20001030</load_address>
         <run_address>0x20001030</run_address>
         <size>0x8</size>
         <input_file_ref idref="fl-140"/>
      </object_component>
      <object_component id="oc-f6">
         <name>.data</name>
         <load_address>0x2000101c</load_address>
         <run_address>0x2000101c</run_address>
         <size>0xc</size>
         <input_file_ref idref="fl-142"/>
      </object_component>
      <object_component id="oc-145">
         <name>.data</name>
         <load_address>0x20001040</load_address>
         <run_address>0x20001040</run_address>
         <size>0x3</size>
         <input_file_ref idref="fl-8"/>
      </object_component>
      <object_component id="oc-158">
         <name>.data</name>
         <load_address>0x20001038</load_address>
         <run_address>0x20001038</run_address>
         <size>0x4</size>
         <input_file_ref idref="fl-6"/>
      </object_component>
      <object_component id="oc-132">
         <name>.common:ui32Load</name>
         <uninitialized>true</uninitialized>
         <run_address>0x2000105c</run_address>
         <size>0x4</size>
      </object_component>
      <object_component id="oc-130">
         <name>.common:ui32PWMClock</name>
         <uninitialized>true</uninitialized>
         <run_address>0x20001060</run_address>
         <size>0x4</size>
      </object_component>
      <object_component id="oc-ae">
         <name>.common:ui8Config</name>
         <uninitialized>true</uninitialized>
         <run_address>0x20001065</run_address>
         <size>0x1</size>
      </object_component>
      <object_component id="oc-70">
         <name>.common:ret</name>
         <uninitialized>true</uninitialized>
         <run_address>0x20001058</run_address>
         <size>0x4</size>
      </object_component>
      <object_component id="oc-8f">
         <name>.common:i32LastErr</name>
         <uninitialized>true</uninitialized>
         <run_address>0x20001050</run_address>
         <size>0x4</size>
      </object_component>
      <object_component id="oc-8b">
         <name>.common:i32PPart</name>
         <uninitialized>true</uninitialized>
         <run_address>0x20001054</run_address>
         <size>0x4</size>
      </object_component>
      <object_component id="oc-8e">
         <name>.common:i32IPart</name>
         <uninitialized>true</uninitialized>
         <run_address>0x2000104c</run_address>
         <size>0x4</size>
      </object_component>
      <object_component id="oc-95">
         <name>.common:i32DPart</name>
         <uninitialized>true</uninitialized>
         <run_address>0x20001048</run_address>
         <size>0x4</size>
      </object_component>
      <object_component id="oc-9c">
         <name>.common:ui8LastButtons</name>
         <uninitialized>true</uninitialized>
         <run_address>0x20001066</run_address>
         <size>0x1</size>
      </object_component>
      <object_component id="oc-b4">
         <name>.common:sensorsData</name>
         <uninitialized>true</uninitialized>
         <run_address>0x20001064</run_address>
         <size>0x1</size>
      </object_component>
      <object_component id="oc-b5">
         <name>.common:error</name>
         <uninitialized>true</uninitialized>
         <run_address>0x20001044</run_address>
         <size>0x4</size>
      </object_component>
      <object_component id="oc-24">
         <name>.sysmem</name>
         <uninitialized>true</uninitialized>
         <run_address>0x20000800</run_address>
         <size>0x8</size>
         <input_file_ref idref="fl-142"/>
      </object_component>
      <object_component id="oc-279">
         <name>.sysmem</name>
         <uninitialized>true</uninitialized>
         <run_address>0x20000800</run_address>
         <size>0x0</size>
      </object_component>
      <object_component id="oc-23">
         <name>.stack</name>
         <uninitialized>true</uninitialized>
         <run_address>0x20000000</run_address>
         <size>0x0</size>
         <input_file_ref idref="fl-13c"/>
      </object_component>
      <object_component id="oc-278">
         <name>.stack</name>
         <uninitialized>true</uninitialized>
         <run_address>0x20000000</run_address>
         <size>0x0</size>
      </object_component>
      <object_component id="oc-f">
         <name>.debug_info</name>
         <load_address>0x0</load_address>
         <run_address>0x0</run_address>
         <size>0xec</size>
         <input_file_ref idref="fl-2"/>
      </object_component>
      <object_component id="oc-13">
         <name>.debug_info</name>
         <load_address>0xec</load_address>
         <run_address>0xec</run_address>
         <size>0xf3</size>
         <input_file_ref idref="fl-13c"/>
      </object_component>
      <object_component id="oc-16">
         <name>.debug_info</name>
         <load_address>0x1df</load_address>
         <run_address>0x1df</run_address>
         <size>0x194</size>
         <input_file_ref idref="fl-13d"/>
      </object_component>
      <object_component id="oc-1b">
         <name>.debug_info</name>
         <load_address>0x373</load_address>
         <run_address>0x373</run_address>
         <size>0x16a</size>
         <input_file_ref idref="fl-13f"/>
      </object_component>
      <object_component id="oc-20">
         <name>.debug_info</name>
         <load_address>0x4dd</load_address>
         <run_address>0x4dd</run_address>
         <size>0x18e</size>
         <input_file_ref idref="fl-13e"/>
      </object_component>
      <object_component id="oc-25">
         <name>.debug_info</name>
         <load_address>0x66b</load_address>
         <run_address>0x66b</run_address>
         <size>0xb6</size>
         <input_file_ref idref="fl-142"/>
      </object_component>
      <object_component id="oc-27">
         <name>.debug_info</name>
         <load_address>0x721</load_address>
         <run_address>0x721</run_address>
         <size>0x268</size>
         <input_file_ref idref="fl-2"/>
      </object_component>
      <object_component id="oc-2c">
         <name>.debug_info</name>
         <load_address>0x989</load_address>
         <run_address>0x989</run_address>
         <size>0x1569</size>
         <input_file_ref idref="fl-5"/>
      </object_component>
      <object_component id="oc-32">
         <name>.debug_info</name>
         <load_address>0x1ef2</load_address>
         <run_address>0x1ef2</run_address>
         <size>0x12b</size>
         <input_file_ref idref="fl-2"/>
      </object_component>
      <object_component id="oc-34">
         <name>.debug_info</name>
         <load_address>0x201d</load_address>
         <run_address>0x201d</run_address>
         <size>0x13d</size>
         <input_file_ref idref="fl-149"/>
      </object_component>
      <object_component id="oc-38">
         <name>.debug_info</name>
         <load_address>0x215a</load_address>
         <run_address>0x215a</run_address>
         <size>0x11c</size>
         <input_file_ref idref="fl-147"/>
      </object_component>
      <object_component id="oc-3e">
         <name>.debug_info</name>
         <load_address>0x2276</load_address>
         <run_address>0x2276</run_address>
         <size>0x1c2</size>
         <input_file_ref idref="fl-140"/>
      </object_component>
      <object_component id="oc-42">
         <name>.debug_info</name>
         <load_address>0x2438</load_address>
         <run_address>0x2438</run_address>
         <size>0xbe</size>
         <input_file_ref idref="fl-144"/>
      </object_component>
      <object_component id="oc-46">
         <name>.debug_info</name>
         <load_address>0x24f6</load_address>
         <run_address>0x24f6</run_address>
         <size>0xcc</size>
         <input_file_ref idref="fl-141"/>
      </object_component>
      <object_component id="oc-49">
         <name>.debug_info</name>
         <load_address>0x25c2</load_address>
         <run_address>0x25c2</run_address>
         <size>0x46</size>
         <input_file_ref idref="fl-13d"/>
      </object_component>
      <object_component id="oc-4e">
         <name>.debug_info</name>
         <load_address>0x2608</load_address>
         <run_address>0x2608</run_address>
         <size>0xf2</size>
         <input_file_ref idref="fl-13d"/>
      </object_component>
      <object_component id="oc-50">
         <name>.debug_info</name>
         <load_address>0x26fa</load_address>
         <run_address>0x26fa</run_address>
         <size>0x46</size>
         <input_file_ref idref="fl-13f"/>
      </object_component>
      <object_component id="oc-55">
         <name>.debug_info</name>
         <load_address>0x2740</load_address>
         <run_address>0x2740</run_address>
         <size>0xad</size>
         <input_file_ref idref="fl-13f"/>
      </object_component>
      <object_component id="oc-58">
         <name>.debug_info</name>
         <load_address>0x27ed</load_address>
         <run_address>0x27ed</run_address>
         <size>0x1ef</size>
         <input_file_ref idref="fl-13e"/>
      </object_component>
      <object_component id="oc-5c">
         <name>.debug_info</name>
         <load_address>0x29dc</load_address>
         <run_address>0x29dc</run_address>
         <size>0xb7</size>
         <input_file_ref idref="fl-13e"/>
      </object_component>
      <object_component id="oc-5d">
         <name>.debug_info</name>
         <load_address>0x2a93</load_address>
         <run_address>0x2a93</run_address>
         <size>0x39</size>
         <input_file_ref idref="fl-13e"/>
      </object_component>
      <object_component id="oc-64">
         <name>.debug_info</name>
         <load_address>0x2acc</load_address>
         <run_address>0x2acc</run_address>
         <size>0x1d7</size>
         <input_file_ref idref="fl-142"/>
      </object_component>
      <object_component id="oc-67">
         <name>.debug_info</name>
         <load_address>0x2ca3</load_address>
         <run_address>0x2ca3</run_address>
         <size>0x855</size>
         <input_file_ref idref="fl-142"/>
      </object_component>
      <object_component id="oc-6c">
         <name>.debug_info</name>
         <load_address>0x34f8</load_address>
         <run_address>0x34f8</run_address>
         <size>0x6d5</size>
         <input_file_ref idref="fl-4"/>
      </object_component>
      <object_component id="oc-71">
         <name>.debug_info</name>
         <load_address>0x3bcd</load_address>
         <run_address>0x3bcd</run_address>
         <size>0x6cc</size>
         <input_file_ref idref="fl-5"/>
      </object_component>
      <object_component id="oc-73">
         <name>.debug_info</name>
         <load_address>0x4299</load_address>
         <run_address>0x4299</run_address>
         <size>0x2c2</size>
         <input_file_ref idref="fl-8"/>
      </object_component>
      <object_component id="oc-78">
         <name>.debug_info</name>
         <load_address>0x455b</load_address>
         <run_address>0x455b</run_address>
         <size>0x219</size>
         <input_file_ref idref="fl-e"/>
      </object_component>
      <object_component id="oc-80">
         <name>.debug_info</name>
         <load_address>0x4774</load_address>
         <run_address>0x4774</run_address>
         <size>0x1c5</size>
         <input_file_ref idref="fl-d"/>
      </object_component>
      <object_component id="oc-83">
         <name>.debug_info</name>
         <load_address>0x4939</load_address>
         <run_address>0x4939</run_address>
         <size>0x185</size>
         <input_file_ref idref="fl-d"/>
      </object_component>
      <object_component id="oc-88">
         <name>.debug_info</name>
         <load_address>0x4abe</load_address>
         <run_address>0x4abe</run_address>
         <size>0x18b</size>
         <input_file_ref idref="fl-d"/>
      </object_component>
      <object_component id="oc-8d">
         <name>.debug_info</name>
         <load_address>0x4c49</load_address>
         <run_address>0x4c49</run_address>
         <size>0x1e7</size>
         <input_file_ref idref="fl-5"/>
      </object_component>
      <object_component id="oc-92">
         <name>.debug_info</name>
         <load_address>0x4e30</load_address>
         <run_address>0x4e30</run_address>
         <size>0x1a6</size>
         <input_file_ref idref="fl-3"/>
      </object_component>
      <object_component id="oc-98">
         <name>.debug_info</name>
         <load_address>0x4fd6</load_address>
         <run_address>0x4fd6</run_address>
         <size>0x887</size>
         <input_file_ref idref="fl-6"/>
      </object_component>
      <object_component id="oc-9e">
         <name>.debug_info</name>
         <load_address>0x585d</load_address>
         <run_address>0x585d</run_address>
         <size>0x363</size>
         <input_file_ref idref="fl-e"/>
      </object_component>
      <object_component id="oc-a3">
         <name>.debug_info</name>
         <load_address>0x5bc0</load_address>
         <run_address>0x5bc0</run_address>
         <size>0x1a2</size>
         <input_file_ref idref="fl-10"/>
      </object_component>
      <object_component id="oc-a9">
         <name>.debug_info</name>
         <load_address>0x5d62</load_address>
         <run_address>0x5d62</run_address>
         <size>0x1e2</size>
         <input_file_ref idref="fl-7"/>
      </object_component>
      <object_component id="oc-b0">
         <name>.debug_info</name>
         <load_address>0x5f44</load_address>
         <run_address>0x5f44</run_address>
         <size>0x2b5</size>
         <input_file_ref idref="fl-143"/>
      </object_component>
      <object_component id="oc-b7">
         <name>.debug_info</name>
         <load_address>0x61f9</load_address>
         <run_address>0x61f9</run_address>
         <size>0x18b</size>
         <input_file_ref idref="fl-2"/>
      </object_component>
      <object_component id="oc-bc">
         <name>.debug_info</name>
         <load_address>0x6384</load_address>
         <run_address>0x6384</run_address>
         <size>0x2c</size>
         <input_file_ref idref="fl-3"/>
      </object_component>
      <object_component id="oc-c1">
         <name>.debug_info</name>
         <load_address>0x63b0</load_address>
         <run_address>0x63b0</run_address>
         <size>0x84</size>
         <input_file_ref idref="fl-2"/>
      </object_component>
      <object_component id="oc-cb">
         <name>.debug_info</name>
         <load_address>0x6434</load_address>
         <run_address>0x6434</run_address>
         <size>0x14b</size>
         <input_file_ref idref="fl-14a"/>
      </object_component>
      <object_component id="oc-cf">
         <name>.debug_info</name>
         <load_address>0x657f</load_address>
         <run_address>0x657f</run_address>
         <size>0x11b</size>
         <input_file_ref idref="fl-147"/>
      </object_component>
      <object_component id="oc-d1">
         <name>.debug_info</name>
         <load_address>0x669a</load_address>
         <run_address>0x669a</run_address>
         <size>0xc8</size>
         <input_file_ref idref="fl-145"/>
      </object_component>
      <object_component id="oc-d3">
         <name>.debug_info</name>
         <load_address>0x6762</load_address>
         <run_address>0x6762</run_address>
         <size>0xeb</size>
         <input_file_ref idref="fl-140"/>
      </object_component>
      <object_component id="oc-d5">
         <name>.debug_info</name>
         <load_address>0x684d</load_address>
         <run_address>0x684d</run_address>
         <size>0x146</size>
         <input_file_ref idref="fl-140"/>
      </object_component>
      <object_component id="oc-d9">
         <name>.debug_info</name>
         <load_address>0x6993</load_address>
         <run_address>0x6993</run_address>
         <size>0x2c</size>
         <input_file_ref idref="fl-13d"/>
      </object_component>
      <object_component id="oc-e0">
         <name>.debug_info</name>
         <load_address>0x69bf</load_address>
         <run_address>0x69bf</run_address>
         <size>0x2c</size>
         <input_file_ref idref="fl-13f"/>
      </object_component>
      <object_component id="oc-ec">
         <name>.debug_info</name>
         <load_address>0x69eb</load_address>
         <run_address>0x69eb</run_address>
         <size>0x2c</size>
         <input_file_ref idref="fl-142"/>
      </object_component>
      <object_component id="oc-f1">
         <name>.debug_info</name>
         <load_address>0x6a17</load_address>
         <run_address>0x6a17</run_address>
         <size>0x62</size>
         <input_file_ref idref="fl-142"/>
      </object_component>
      <object_component id="oc-f7">
         <name>.debug_info</name>
         <load_address>0x6a79</load_address>
         <run_address>0x6a79</run_address>
         <size>0x101</size>
         <input_file_ref idref="fl-142"/>
      </object_component>
      <object_component id="oc-fb">
         <name>.debug_info</name>
         <load_address>0x6b7a</load_address>
         <run_address>0x6b7a</run_address>
         <size>0x1c7</size>
         <input_file_ref idref="fl-e"/>
      </object_component>
      <object_component id="oc-100">
         <name>.debug_info</name>
         <load_address>0x6d41</load_address>
         <run_address>0x6d41</run_address>
         <size>0x1e1</size>
         <input_file_ref idref="fl-e"/>
      </object_component>
      <object_component id="oc-105">
         <name>.debug_info</name>
         <load_address>0x6f22</load_address>
         <run_address>0x6f22</run_address>
         <size>0x1eb</size>
         <input_file_ref idref="fl-11"/>
      </object_component>
      <object_component id="oc-109">
         <name>.debug_info</name>
         <load_address>0x710d</load_address>
         <run_address>0x710d</run_address>
         <size>0x1dd</size>
         <input_file_ref idref="fl-11"/>
      </object_component>
      <object_component id="oc-10f">
         <name>.debug_info</name>
         <load_address>0x72ea</load_address>
         <run_address>0x72ea</run_address>
         <size>0x1e4</size>
         <input_file_ref idref="fl-11"/>
      </object_component>
      <object_component id="oc-113">
         <name>.debug_info</name>
         <load_address>0x74ce</load_address>
         <run_address>0x74ce</run_address>
         <size>0x217</size>
         <input_file_ref idref="fl-f"/>
      </object_component>
      <object_component id="oc-119">
         <name>.debug_info</name>
         <load_address>0x76e5</load_address>
         <run_address>0x76e5</run_address>
         <size>0x21a</size>
         <input_file_ref idref="fl-f"/>
      </object_component>
      <object_component id="oc-11e">
         <name>.debug_info</name>
         <load_address>0x78ff</load_address>
         <run_address>0x78ff</run_address>
         <size>0x25a</size>
         <input_file_ref idref="fl-f"/>
      </object_component>
      <object_component id="oc-122">
         <name>.debug_info</name>
         <load_address>0x7b59</load_address>
         <run_address>0x7b59</run_address>
         <size>0x1da</size>
         <input_file_ref idref="fl-f"/>
      </object_component>
      <object_component id="oc-128">
         <name>.debug_info</name>
         <load_address>0x7d33</load_address>
         <run_address>0x7d33</run_address>
         <size>0x228</size>
         <input_file_ref idref="fl-f"/>
      </object_component>
      <object_component id="oc-12c">
         <name>.debug_info</name>
         <load_address>0x7f5b</load_address>
         <run_address>0x7f5b</run_address>
         <size>0x207</size>
         <input_file_ref idref="fl-11"/>
      </object_component>
      <object_component id="oc-131">
         <name>.debug_info</name>
         <load_address>0x8162</load_address>
         <run_address>0x8162</run_address>
         <size>0x392</size>
         <input_file_ref idref="fl-4"/>
      </object_component>
      <object_component id="oc-136">
         <name>.debug_info</name>
         <load_address>0x84f4</load_address>
         <run_address>0x84f4</run_address>
         <size>0x110</size>
         <input_file_ref idref="fl-5"/>
      </object_component>
      <object_component id="oc-13d">
         <name>.debug_info</name>
         <load_address>0x8604</load_address>
         <run_address>0x8604</run_address>
         <size>0x1df</size>
         <input_file_ref idref="fl-11"/>
      </object_component>
      <object_component id="oc-142">
         <name>.debug_info</name>
         <load_address>0x87e3</load_address>
         <run_address>0x87e3</run_address>
         <size>0x1e9</size>
         <input_file_ref idref="fl-11"/>
      </object_component>
      <object_component id="oc-146">
         <name>.debug_info</name>
         <load_address>0x89cc</load_address>
         <run_address>0x89cc</run_address>
         <size>0xe4</size>
         <input_file_ref idref="fl-8"/>
      </object_component>
      <object_component id="oc-148">
         <name>.debug_info</name>
         <load_address>0x8ab0</load_address>
         <run_address>0x8ab0</run_address>
         <size>0x16d</size>
         <input_file_ref idref="fl-8"/>
      </object_component>
      <object_component id="oc-14a">
         <name>.debug_info</name>
         <load_address>0x8c1d</load_address>
         <run_address>0x8c1d</run_address>
         <size>0xff</size>
         <input_file_ref idref="fl-e"/>
      </object_component>
      <object_component id="oc-14c">
         <name>.debug_info</name>
         <load_address>0x8d1c</load_address>
         <run_address>0x8d1c</run_address>
         <size>0x18b</size>
         <input_file_ref idref="fl-d"/>
      </object_component>
      <object_component id="oc-152">
         <name>.debug_info</name>
         <load_address>0x8ea7</load_address>
         <run_address>0x8ea7</run_address>
         <size>0x144</size>
         <input_file_ref idref="fl-d"/>
      </object_component>
      <object_component id="oc-159">
         <name>.debug_info</name>
         <load_address>0x8feb</load_address>
         <run_address>0x8feb</run_address>
         <size>0xcf</size>
         <input_file_ref idref="fl-6"/>
      </object_component>
      <object_component id="oc-15b">
         <name>.debug_info</name>
         <load_address>0x90ba</load_address>
         <run_address>0x90ba</run_address>
         <size>0x1ae</size>
         <input_file_ref idref="fl-6"/>
      </object_component>
      <object_component id="oc-15e">
         <name>.debug_info</name>
         <load_address>0x9268</load_address>
         <run_address>0x9268</run_address>
         <size>0x226</size>
         <input_file_ref idref="fl-e"/>
      </object_component>
      <object_component id="oc-161">
         <name>.debug_info</name>
         <load_address>0x948e</load_address>
         <run_address>0x948e</run_address>
         <size>0x176</size>
         <input_file_ref idref="fl-12"/>
      </object_component>
      <object_component id="oc-165">
         <name>.debug_info</name>
         <load_address>0x9604</load_address>
         <run_address>0x9604</run_address>
         <size>0x90</size>
         <input_file_ref idref="fl-d"/>
      </object_component>
      <object_component id="oc-16c">
         <name>.debug_info</name>
         <load_address>0x9694</load_address>
         <run_address>0x9694</run_address>
         <size>0x12a0</size>
         <input_file_ref idref="fl-146"/>
      </object_component>
      <object_component id="oc-171">
         <name>.debug_info</name>
         <load_address>0xa934</load_address>
         <run_address>0xa934</run_address>
         <size>0x170</size>
         <input_file_ref idref="fl-143"/>
      </object_component>
      <object_component id="oc-172">
         <name>.debug_info</name>
         <load_address>0xaaa4</load_address>
         <run_address>0xaaa4</run_address>
         <size>0x4e</size>
         <input_file_ref idref="fl-3"/>
      </object_component>
      <object_component id="oc-178">
         <name>.debug_info</name>
         <load_address>0xaaf2</load_address>
         <run_address>0xaaf2</run_address>
         <size>0x148</size>
         <input_file_ref idref="fl-14a"/>
      </object_component>
      <object_component id="oc-17b">
         <name>.debug_info</name>
         <load_address>0xac3a</load_address>
         <run_address>0xac3a</run_address>
         <size>0x5e</size>
         <input_file_ref idref="fl-147"/>
      </object_component>
      <object_component id="oc-183">
         <name>.debug_info</name>
         <load_address>0xac98</load_address>
         <run_address>0xac98</run_address>
         <size>0x1d4</size>
         <input_file_ref idref="fl-145"/>
      </object_component>
      <object_component id="oc-187">
         <name>.debug_info</name>
         <load_address>0xae6c</load_address>
         <run_address>0xae6c</run_address>
         <size>0xd9</size>
         <input_file_ref idref="fl-145"/>
      </object_component>
      <object_component id="oc-191">
         <name>.debug_info</name>
         <load_address>0xaf45</load_address>
         <run_address>0xaf45</run_address>
         <size>0x312</size>
         <input_file_ref idref="fl-11"/>
      </object_component>
      <object_component id="oc-196">
         <name>.debug_info</name>
         <load_address>0xb257</load_address>
         <run_address>0xb257</run_address>
         <size>0x217</size>
         <input_file_ref idref="fl-11"/>
      </object_component>
      <object_component id="oc-19d">
         <name>.debug_info</name>
         <load_address>0xb46e</load_address>
         <run_address>0xb46e</run_address>
         <size>0x10d</size>
         <input_file_ref idref="fl-11"/>
      </object_component>
      <object_component id="oc-19f">
         <name>.debug_info</name>
         <load_address>0xb57b</load_address>
         <run_address>0xb57b</run_address>
         <size>0x1d7</size>
         <input_file_ref idref="fl-11"/>
      </object_component>
      <object_component id="oc-1a1">
         <name>.debug_info</name>
         <load_address>0xb752</load_address>
         <run_address>0xb752</run_address>
         <size>0x194</size>
         <input_file_ref idref="fl-f"/>
      </object_component>
      <object_component id="oc-1b9">
         <name>.debug_info</name>
         <load_address>0xb8e6</load_address>
         <run_address>0xb8e6</run_address>
         <size>0x5f</size>
         <input_file_ref idref="fl-e"/>
      </object_component>
      <object_component id="oc-1c2">
         <name>.debug_info</name>
         <load_address>0xb945</load_address>
         <run_address>0xb945</run_address>
         <size>0x13a</size>
         <input_file_ref idref="fl-157"/>
      </object_component>
      <object_component id="oc-1c5">
         <name>.debug_info</name>
         <load_address>0xba7f</load_address>
         <run_address>0xba7f</run_address>
         <size>0xd5</size>
         <input_file_ref idref="fl-152"/>
      </object_component>
      <object_component id="oc-1c8">
         <name>.debug_info</name>
         <load_address>0xbb54</load_address>
         <run_address>0xbb54</run_address>
         <size>0x153</size>
         <input_file_ref idref="fl-156"/>
      </object_component>
      <object_component id="oc-1ce">
         <name>.debug_info</name>
         <load_address>0xbca7</load_address>
         <run_address>0xbca7</run_address>
         <size>0xdb</size>
         <input_file_ref idref="fl-14d"/>
      </object_component>
      <object_component id="oc-1d3">
         <name>.debug_info</name>
         <load_address>0xbd82</load_address>
         <run_address>0xbd82</run_address>
         <size>0xed</size>
         <input_file_ref idref="fl-14f"/>
      </object_component>
      <object_component id="oc-1d5">
         <name>.debug_info</name>
         <load_address>0xbe6f</load_address>
         <run_address>0xbe6f</run_address>
         <size>0xed</size>
         <input_file_ref idref="fl-14e"/>
      </object_component>
      <object_component id="oc-1db">
         <name>.debug_info</name>
         <load_address>0xbf5c</load_address>
         <run_address>0xbf5c</run_address>
         <size>0xdd</size>
         <input_file_ref idref="fl-14d"/>
      </object_component>
      <object_component id="oc-1df">
         <name>.debug_info</name>
         <load_address>0xc039</load_address>
         <run_address>0xc039</run_address>
         <size>0xe1</size>
         <input_file_ref idref="fl-150"/>
      </object_component>
      <object_component id="oc-1e4">
         <name>.debug_info</name>
         <load_address>0xc11a</load_address>
         <run_address>0xc11a</run_address>
         <size>0x177</size>
         <input_file_ref idref="fl-153"/>
      </object_component>
      <object_component id="oc-1e7">
         <name>.debug_info</name>
         <load_address>0xc291</load_address>
         <run_address>0xc291</run_address>
         <size>0xdf</size>
         <input_file_ref idref="fl-151"/>
      </object_component>
      <object_component id="oc-1ea">
         <name>.debug_info</name>
         <load_address>0xc370</load_address>
         <run_address>0xc370</run_address>
         <size>0xff</size>
         <input_file_ref idref="fl-14c"/>
      </object_component>
      <object_component id="oc-1ef">
         <name>.debug_info</name>
         <load_address>0xc46f</load_address>
         <run_address>0xc46f</run_address>
         <size>0xfc</size>
         <input_file_ref idref="fl-155"/>
      </object_component>
      <object_component id="oc-1f5">
         <name>.debug_info</name>
         <load_address>0xc56b</load_address>
         <run_address>0xc56b</run_address>
         <size>0x111</size>
         <input_file_ref idref="fl-158"/>
      </object_component>
      <object_component id="oc-1f7">
         <name>.debug_info</name>
         <load_address>0xc67c</load_address>
         <run_address>0xc67c</run_address>
         <size>0x160</size>
         <input_file_ref idref="fl-154"/>
      </object_component>
      <object_component id="oc-1fe">
         <name>.debug_info</name>
         <load_address>0xc7dc</load_address>
         <run_address>0xc7dc</run_address>
         <size>0x126</size>
         <input_file_ref idref="fl-148"/>
      </object_component>
      <object_component id="oc-201">
         <name>.debug_info</name>
         <load_address>0xc902</load_address>
         <run_address>0xc902</run_address>
         <size>0x26b</size>
         <input_file_ref idref="fl-146"/>
      </object_component>
      <object_component id="oc-202">
         <name>.debug_info</name>
         <load_address>0xcb6d</load_address>
         <run_address>0xcb6d</run_address>
         <size>0x86</size>
         <input_file_ref idref="fl-146"/>
      </object_component>
      <object_component id="oc-207">
         <name>.debug_info</name>
         <load_address>0xcbf3</load_address>
         <run_address>0xcbf3</run_address>
         <size>0x39</size>
         <input_file_ref idref="fl-146"/>
      </object_component>
      <object_component id="oc-20e">
         <name>.debug_info</name>
         <load_address>0xcc2c</load_address>
         <run_address>0xcc2c</run_address>
         <size>0x2c</size>
         <input_file_ref idref="fl-143"/>
      </object_component>
      <object_component id="oc-213">
         <name>.debug_info</name>
         <load_address>0xcc58</load_address>
         <run_address>0xcc58</run_address>
         <size>0x167</size>
         <input_file_ref idref="fl-3"/>
      </object_component>
      <object_component id="oc-216">
         <name>.debug_info</name>
         <load_address>0xcdbf</load_address>
         <run_address>0xcdbf</run_address>
         <size>0xcd</size>
         <input_file_ref idref="fl-14a"/>
      </object_component>
      <object_component id="oc-229">
         <name>.debug_info</name>
         <load_address>0xce8c</load_address>
         <run_address>0xce8c</run_address>
         <size>0x9f</size>
         <input_file_ref idref="fl-156"/>
      </object_component>
      <object_component id="oc-230">
         <name>.debug_info</name>
         <load_address>0xcf2b</load_address>
         <run_address>0xcf2b</run_address>
         <size>0x101</size>
         <input_file_ref idref="fl-153"/>
      </object_component>
      <object_component id="oc-235">
         <name>.debug_info</name>
         <load_address>0xd02c</load_address>
         <run_address>0xd02c</run_address>
         <size>0x10f</size>
         <input_file_ref idref="fl-159"/>
      </object_component>
      <object_component id="oc-23b">
         <name>.debug_info</name>
         <load_address>0xd13b</load_address>
         <run_address>0xd13b</run_address>
         <size>0xa6</size>
         <input_file_ref idref="fl-154"/>
      </object_component>
      <object_component id="oc-23d">
         <name>.debug_info</name>
         <load_address>0xd1e1</load_address>
         <run_address>0xd1e1</run_address>
         <size>0xaf</size>
         <input_file_ref idref="fl-14b"/>
      </object_component>
      <object_component id="oc-23f">
         <name>.debug_info</name>
         <load_address>0xd290</load_address>
         <run_address>0xd290</run_address>
         <size>0xc5</size>
         <input_file_ref idref="fl-148"/>
      </object_component>
      <object_component id="oc-242">
         <name>.debug_info</name>
         <load_address>0xd355</load_address>
         <run_address>0xd355</run_address>
         <size>0x46</size>
         <input_file_ref idref="fl-146"/>
      </object_component>
      <object_component id="oc-24e">
         <name>.debug_info</name>
         <load_address>0xd39b</load_address>
         <run_address>0xd39b</run_address>
         <size>0x9a</size>
         <input_file_ref idref="fl-159"/>
      </object_component>
      <object_component id="oc-253">
         <name>.debug_info</name>
         <load_address>0xd435</load_address>
         <run_address>0xd435</run_address>
         <size>0xa3</size>
         <input_file_ref idref="fl-14b"/>
      </object_component>
      <object_component id="oc-27a">
         <name>.debug_info</name>
         <load_address>0xd4d8</load_address>
         <run_address>0xd4d8</run_address>
         <size>0xa6</size>
      </object_component>
      <object_component id="oc-11">
         <name>.debug_line</name>
         <load_address>0x0</load_address>
         <run_address>0x0</run_address>
         <size>0x4f</size>
         <input_file_ref idref="fl-13c"/>
      </object_component>
      <object_component id="oc-17">
         <name>.debug_line</name>
         <load_address>0x4f</load_address>
         <run_address>0x4f</run_address>
         <size>0x55</size>
         <input_file_ref idref="fl-13d"/>
      </object_component>
      <object_component id="oc-1c">
         <name>.debug_line</name>
         <load_address>0xa4</load_address>
         <run_address>0xa4</run_address>
         <size>0x4c</size>
         <input_file_ref idref="fl-13f"/>
      </object_component>
      <object_component id="oc-1f">
         <name>.debug_line</name>
         <load_address>0xf0</load_address>
         <run_address>0xf0</run_address>
         <size>0x4b</size>
         <input_file_ref idref="fl-13e"/>
      </object_component>
      <object_component id="oc-28">
         <name>.debug_line</name>
         <load_address>0x13b</load_address>
         <run_address>0x13b</run_address>
         <size>0xa1</size>
         <input_file_ref idref="fl-2"/>
      </object_component>
      <object_component id="oc-2e">
         <name>.debug_line</name>
         <load_address>0x1dc</load_address>
         <run_address>0x1dc</run_address>
         <size>0x4ae</size>
         <input_file_ref idref="fl-5"/>
      </object_component>
      <object_component id="oc-31">
         <name>.debug_line</name>
         <load_address>0x68a</load_address>
         <run_address>0x68a</run_address>
         <size>0x41</size>
         <input_file_ref idref="fl-2"/>
      </object_component>
      <object_component id="oc-35">
         <name>.debug_line</name>
         <load_address>0x6cb</load_address>
         <run_address>0x6cb</run_address>
         <size>0x87</size>
         <input_file_ref idref="fl-149"/>
      </object_component>
      <object_component id="oc-39">
         <name>.debug_line</name>
         <load_address>0x752</load_address>
         <run_address>0x752</run_address>
         <size>0x50</size>
         <input_file_ref idref="fl-147"/>
      </object_component>
      <object_component id="oc-3f">
         <name>.debug_line</name>
         <load_address>0x7a2</load_address>
         <run_address>0x7a2</run_address>
         <size>0x7a</size>
         <input_file_ref idref="fl-140"/>
      </object_component>
      <object_component id="oc-47">
         <name>.debug_line</name>
         <load_address>0x81c</load_address>
         <run_address>0x81c</run_address>
         <size>0x88</size>
         <input_file_ref idref="fl-141"/>
      </object_component>
      <object_component id="oc-4b">
         <name>.debug_line</name>
         <load_address>0x8a4</load_address>
         <run_address>0x8a4</run_address>
         <size>0x3a</size>
         <input_file_ref idref="fl-13d"/>
      </object_component>
      <object_component id="oc-52">
         <name>.debug_line</name>
         <load_address>0x8de</load_address>
         <run_address>0x8de</run_address>
         <size>0x34</size>
         <input_file_ref idref="fl-13f"/>
      </object_component>
      <object_component id="oc-57">
         <name>.debug_line</name>
         <load_address>0x912</load_address>
         <run_address>0x912</run_address>
         <size>0x8c</size>
         <input_file_ref idref="fl-13e"/>
      </object_component>
      <object_component id="oc-5f">
         <name>.debug_line</name>
         <load_address>0x99e</load_address>
         <run_address>0x99e</run_address>
         <size>0x39</size>
         <input_file_ref idref="fl-13e"/>
      </object_component>
      <object_component id="oc-63">
         <name>.debug_line</name>
         <load_address>0x9d7</load_address>
         <run_address>0x9d7</run_address>
         <size>0x2c</size>
         <input_file_ref idref="fl-142"/>
      </object_component>
      <object_component id="oc-68">
         <name>.debug_line</name>
         <load_address>0xa03</load_address>
         <run_address>0xa03</run_address>
         <size>0x2f6</size>
         <input_file_ref idref="fl-142"/>
      </object_component>
      <object_component id="oc-6d">
         <name>.debug_line</name>
         <load_address>0xcf9</load_address>
         <run_address>0xcf9</run_address>
         <size>0x10c</size>
         <input_file_ref idref="fl-4"/>
      </object_component>
      <object_component id="oc-75">
         <name>.debug_line</name>
         <load_address>0xe05</load_address>
         <run_address>0xe05</run_address>
         <size>0x79</size>
         <input_file_ref idref="fl-8"/>
      </object_component>
      <object_component id="oc-7a">
         <name>.debug_line</name>
         <load_address>0xe7e</load_address>
         <run_address>0xe7e</run_address>
         <size>0xf1</size>
         <input_file_ref idref="fl-e"/>
      </object_component>
      <object_component id="oc-7f">
         <name>.debug_line</name>
         <load_address>0xf6f</load_address>
         <run_address>0xf6f</run_address>
         <size>0x6e</size>
         <input_file_ref idref="fl-d"/>
      </object_component>
      <object_component id="oc-85">
         <name>.debug_line</name>
         <load_address>0xfdd</load_address>
         <run_address>0xfdd</run_address>
         <size>0x6b</size>
         <input_file_ref idref="fl-d"/>
      </object_component>
      <object_component id="oc-8a">
         <name>.debug_line</name>
         <load_address>0x1048</load_address>
         <run_address>0x1048</run_address>
         <size>0x6e</size>
         <input_file_ref idref="fl-d"/>
      </object_component>
      <object_component id="oc-93">
         <name>.debug_line</name>
         <load_address>0x10b6</load_address>
         <run_address>0x10b6</run_address>
         <size>0x5e</size>
         <input_file_ref idref="fl-3"/>
      </object_component>
      <object_component id="oc-99">
         <name>.debug_line</name>
         <load_address>0x1114</load_address>
         <run_address>0x1114</run_address>
         <size>0x15c</size>
         <input_file_ref idref="fl-6"/>
      </object_component>
      <object_component id="oc-a0">
         <name>.debug_line</name>
         <load_address>0x1270</load_address>
         <run_address>0x1270</run_address>
         <size>0xb9</size>
         <input_file_ref idref="fl-e"/>
      </object_component>
      <object_component id="oc-a4">
         <name>.debug_line</name>
         <load_address>0x1329</load_address>
         <run_address>0x1329</run_address>
         <size>0x70</size>
         <input_file_ref idref="fl-10"/>
      </object_component>
      <object_component id="oc-a8">
         <name>.debug_line</name>
         <load_address>0x1399</load_address>
         <run_address>0x1399</run_address>
         <size>0x5b</size>
         <input_file_ref idref="fl-7"/>
      </object_component>
      <object_component id="oc-b1">
         <name>.debug_line</name>
         <load_address>0x13f4</load_address>
         <run_address>0x13f4</run_address>
         <size>0x89</size>
         <input_file_ref idref="fl-143"/>
      </object_component>
      <object_component id="oc-b9">
         <name>.debug_line</name>
         <load_address>0x147d</load_address>
         <run_address>0x147d</run_address>
         <size>0x59</size>
         <input_file_ref idref="fl-2"/>
      </object_component>
      <object_component id="oc-be">
         <name>.debug_line</name>
         <load_address>0x14d6</load_address>
         <run_address>0x14d6</run_address>
         <size>0x5a</size>
         <input_file_ref idref="fl-3"/>
      </object_component>
      <object_component id="oc-c3">
         <name>.debug_line</name>
         <load_address>0x1530</load_address>
         <run_address>0x1530</run_address>
         <size>0x20</size>
         <input_file_ref idref="fl-2"/>
      </object_component>
      <object_component id="oc-c7">
         <name>.debug_line</name>
         <load_address>0x1550</load_address>
         <run_address>0x1550</run_address>
         <size>0x41</size>
         <input_file_ref idref="fl-2"/>
      </object_component>
      <object_component id="oc-ca">
         <name>.debug_line</name>
         <load_address>0x1591</load_address>
         <run_address>0x1591</run_address>
         <size>0x6d</size>
         <input_file_ref idref="fl-14a"/>
      </object_component>
      <object_component id="oc-d7">
         <name>.debug_line</name>
         <load_address>0x15fe</load_address>
         <run_address>0x15fe</run_address>
         <size>0x33</size>
         <input_file_ref idref="fl-144"/>
      </object_component>
      <object_component id="oc-db">
         <name>.debug_line</name>
         <load_address>0x1631</load_address>
         <run_address>0x1631</run_address>
         <size>0x44</size>
         <input_file_ref idref="fl-13d"/>
      </object_component>
      <object_component id="oc-df">
         <name>.debug_line</name>
         <load_address>0x1675</load_address>
         <run_address>0x1675</run_address>
         <size>0x20</size>
         <input_file_ref idref="fl-13d"/>
      </object_component>
      <object_component id="oc-e2">
         <name>.debug_line</name>
         <load_address>0x1695</load_address>
         <run_address>0x1695</run_address>
         <size>0x44</size>
         <input_file_ref idref="fl-13f"/>
      </object_component>
      <object_component id="oc-e6">
         <name>.debug_line</name>
         <load_address>0x16d9</load_address>
         <run_address>0x16d9</run_address>
         <size>0x20</size>
         <input_file_ref idref="fl-13f"/>
      </object_component>
      <object_component id="oc-e9">
         <name>.debug_line</name>
         <load_address>0x16f9</load_address>
         <run_address>0x16f9</run_address>
         <size>0x20</size>
         <input_file_ref idref="fl-13e"/>
      </object_component>
      <object_component id="oc-eb">
         <name>.debug_line</name>
         <load_address>0x1719</load_address>
         <run_address>0x1719</run_address>
         <size>0x73</size>
         <input_file_ref idref="fl-142"/>
      </object_component>
      <object_component id="oc-ee">
         <name>.debug_line</name>
         <load_address>0x178c</load_address>
         <run_address>0x178c</run_address>
         <size>0x44</size>
         <input_file_ref idref="fl-142"/>
      </object_component>
      <object_component id="oc-f3">
         <name>.debug_line</name>
         <load_address>0x17d0</load_address>
         <run_address>0x17d0</run_address>
         <size>0x2c</size>
         <input_file_ref idref="fl-142"/>
      </object_component>
      <object_component id="oc-fa">
         <name>.debug_line</name>
         <load_address>0x17fc</load_address>
         <run_address>0x17fc</run_address>
         <size>0x6d</size>
         <input_file_ref idref="fl-e"/>
      </object_component>
      <object_component id="oc-ff">
         <name>.debug_line</name>
         <load_address>0x1869</load_address>
         <run_address>0x1869</run_address>
         <size>0x6d</size>
         <input_file_ref idref="fl-e"/>
      </object_component>
      <object_component id="oc-106">
         <name>.debug_line</name>
         <load_address>0x18d6</load_address>
         <run_address>0x18d6</run_address>
         <size>0x72</size>
         <input_file_ref idref="fl-11"/>
      </object_component>
      <object_component id="oc-10a">
         <name>.debug_line</name>
         <load_address>0x1948</load_address>
         <run_address>0x1948</run_address>
         <size>0x6c</size>
         <input_file_ref idref="fl-11"/>
      </object_component>
      <object_component id="oc-110">
         <name>.debug_line</name>
         <load_address>0x19b4</load_address>
         <run_address>0x19b4</run_address>
         <size>0x80</size>
         <input_file_ref idref="fl-11"/>
      </object_component>
      <object_component id="oc-114">
         <name>.debug_line</name>
         <load_address>0x1a34</load_address>
         <run_address>0x1a34</run_address>
         <size>0x74</size>
         <input_file_ref idref="fl-f"/>
      </object_component>
      <object_component id="oc-11a">
         <name>.debug_line</name>
         <load_address>0x1aa8</load_address>
         <run_address>0x1aa8</run_address>
         <size>0x6f</size>
         <input_file_ref idref="fl-f"/>
      </object_component>
      <object_component id="oc-11f">
         <name>.debug_line</name>
         <load_address>0x1b17</load_address>
         <run_address>0x1b17</run_address>
         <size>0x77</size>
         <input_file_ref idref="fl-f"/>
      </object_component>
      <object_component id="oc-123">
         <name>.debug_line</name>
         <load_address>0x1b8e</load_address>
         <run_address>0x1b8e</run_address>
         <size>0x6a</size>
         <input_file_ref idref="fl-f"/>
      </object_component>
      <object_component id="oc-129">
         <name>.debug_line</name>
         <load_address>0x1bf8</load_address>
         <run_address>0x1bf8</run_address>
         <size>0x6e</size>
         <input_file_ref idref="fl-f"/>
      </object_component>
      <object_component id="oc-12d">
         <name>.debug_line</name>
         <load_address>0x1c66</load_address>
         <run_address>0x1c66</run_address>
         <size>0x6b</size>
         <input_file_ref idref="fl-11"/>
      </object_component>
      <object_component id="oc-135">
         <name>.debug_line</name>
         <load_address>0x1cd1</load_address>
         <run_address>0x1cd1</run_address>
         <size>0x1a9</size>
         <input_file_ref idref="fl-5"/>
      </object_component>
      <object_component id="oc-138">
         <name>.debug_line</name>
         <load_address>0x1e7a</load_address>
         <run_address>0x1e7a</run_address>
         <size>0x59</size>
         <input_file_ref idref="fl-5"/>
      </object_component>
      <object_component id="oc-13e">
         <name>.debug_line</name>
         <load_address>0x1ed3</load_address>
         <run_address>0x1ed3</run_address>
         <size>0x6b</size>
         <input_file_ref idref="fl-11"/>
      </object_component>
      <object_component id="oc-143">
         <name>.debug_line</name>
         <load_address>0x1f3e</load_address>
         <run_address>0x1f3e</run_address>
         <size>0x6c</size>
         <input_file_ref idref="fl-11"/>
      </object_component>
      <object_component id="oc-14e">
         <name>.debug_line</name>
         <load_address>0x1faa</load_address>
         <run_address>0x1faa</run_address>
         <size>0x5e</size>
         <input_file_ref idref="fl-d"/>
      </object_component>
      <object_component id="oc-156">
         <name>.debug_line</name>
         <load_address>0x2008</load_address>
         <run_address>0x2008</run_address>
         <size>0x3d</size>
         <input_file_ref idref="fl-5"/>
      </object_component>
      <object_component id="oc-160">
         <name>.debug_line</name>
         <load_address>0x2045</load_address>
         <run_address>0x2045</run_address>
         <size>0x6a</size>
         <input_file_ref idref="fl-12"/>
      </object_component>
      <object_component id="oc-167">
         <name>.debug_line</name>
         <load_address>0x20af</load_address>
         <run_address>0x20af</run_address>
         <size>0x20</size>
         <input_file_ref idref="fl-d"/>
      </object_component>
      <object_component id="oc-16d">
         <name>.debug_line</name>
         <load_address>0x20cf</load_address>
         <run_address>0x20cf</run_address>
         <size>0x90a</size>
         <input_file_ref idref="fl-146"/>
      </object_component>
      <object_component id="oc-174">
         <name>.debug_line</name>
         <load_address>0x29d9</load_address>
         <run_address>0x29d9</run_address>
         <size>0x59</size>
         <input_file_ref idref="fl-3"/>
      </object_component>
      <object_component id="oc-17a">
         <name>.debug_line</name>
         <load_address>0x2a32</load_address>
         <run_address>0x2a32</run_address>
         <size>0x2b</size>
         <input_file_ref idref="fl-147"/>
      </object_component>
      <object_component id="oc-17d">
         <name>.debug_line</name>
         <load_address>0x2a5d</load_address>
         <run_address>0x2a5d</run_address>
         <size>0x2b</size>
         <input_file_ref idref="fl-147"/>
      </object_component>
      <object_component id="oc-184">
         <name>.debug_line</name>
         <load_address>0x2a88</load_address>
         <run_address>0x2a88</run_address>
         <size>0x66</size>
         <input_file_ref idref="fl-145"/>
      </object_component>
      <object_component id="oc-186">
         <name>.debug_line</name>
         <load_address>0x2aee</load_address>
         <run_address>0x2aee</run_address>
         <size>0x2b</size>
         <input_file_ref idref="fl-145"/>
      </object_component>
      <object_component id="oc-189">
         <name>.debug_line</name>
         <load_address>0x2b19</load_address>
         <run_address>0x2b19</run_address>
         <size>0x2a</size>
         <input_file_ref idref="fl-140"/>
      </object_component>
      <object_component id="oc-18b">
         <name>.debug_line</name>
         <load_address>0x2b43</load_address>
         <run_address>0x2b43</run_address>
         <size>0x43</size>
         <input_file_ref idref="fl-140"/>
[...]
         <object_component_ref idref="oc-6b"/>
      </symbol>
      <symbol id="sm-8a">
         <name>motorsASetDirection</name>
         <value>0x244b</value>
         <object_component_ref idref="oc-6b"/>
      </symbol>
      <symbol id="sm-145">
         <name>ui8Config</name>
         <value>0x20001065</value>
      </symbol>
      <symbol id="sm-146">
         <name>ret</name>
         <value>0x20001058</value>
      </symbol>
      <symbol id="sm-147">
         <name>i32LastErr</name>
         <value>0x20001050</value>
      </symbol>
      <symbol id="sm-148">
         <name>i32PPart</name>
         <value>0x20001054</value>
      </symbol>
      <symbol id="sm-149">
         <name>i32IPart</name>
         <value>0x2000104c</value>
      </symbol>
      <symbol id="sm-14a">
         <name>i32DPart</name>
         <value>0x20001048</value>
      </symbol>
      <symbol id="sm-14b">
         <name>ui8LastButtons</name>
         <value>0x20001066</value>
      </symbol>
      <symbol id="sm-14c">
         <name>sensorsData</name>
         <value>0x20001064</value>
      </symbol>
      <symbol id="sm-14d">
         <name>error</name>
         <value>0x20001044</value>
      </symbol>
      <symbol id="sm-14e">
         <name>bRunning</name>
         <value>0x20001000</value>
         <object_component_ref idref="oc-8c"/>
      </symbol>
      <symbol id="sm-14f">
         <name>SysTickIntHandler</name>
         <value>0x1435</value>
         <object_component_ref idref="oc-2b"/>
      </symbol>
      <symbol id="sm-150">
         <name>numTo3Char</name>
         <value>0x10f9</value>
         <object_component_ref idref="oc-2b"/>
      </symbol>
      <symbol id="sm-151">
         <name>ui32ButtonsCounter</name>
         <value>0x20001014</value>
         <object_component_ref idref="oc-8c"/>
      </symbol>
      <symbol id="sm-152">
         <name>incInRange</name>
         <value>0x119f</value>
         <object_component_ref idref="oc-2b"/>
      </symbol>
      <symbol id="sm-153">
         <name>computePID</name>
         <value>0x11f1</value>
         <object_component_ref idref="oc-2b"/>
      </symbol>
      <symbol id="sm-154">
         <name>motorASpeed</name>
         <value>0x20001018</value>
         <object_component_ref idref="oc-8c"/>
      </symbol>
      <symbol id="sm-155">
         <name>motorBSpeed</name>
         <value>0x20001019</value>
         <object_component_ref idref="oc-8c"/>
      </symbol>
      <symbol id="sm-156">
         <name>decInRange</name>
         <value>0x1175</value>
         <object_component_ref idref="oc-2b"/>
      </symbol>
      <symbol id="sm-157">
         <name>ensureValue</name>
         <value>0x11c9</value>
         <object_component_ref idref="oc-2b"/>
      </symbol>
      <symbol id="sm-158">
         <name>ui32MotorMinSpeed</name>
         <value>0x20001010</value>
         <object_component_ref idref="oc-8c"/>
      </symbol>
      <symbol id="sm-159">
         <name>i32KP</name>
         <value>0x20001004</value>
         <object_component_ref idref="oc-8c"/>
      </symbol>
      <symbol id="sm-15a">
         <name>i32KI</name>
         <value>0x20001008</value>
         <object_component_ref idref="oc-8c"/>
      </symbol>
      <symbol id="sm-15b">
         <name>i32KD</name>
         <value>0x2000100c</value>
         <object_component_ref idref="oc-8c"/>
      </symbol>
      <symbol id="sm-15c">
         <name>main</name>
         <value>0x164d</value>
         <object_component_ref idref="oc-2b"/>
      </symbol>
      <symbol id="sm-15d">
         <name>toggleMotors</name>
         <value>0x123d</value>
         <object_component_ref idref="oc-2b"/>
      </symbol>
      <symbol id="sm-15e">
         <name>main1</name>
         <value>0x1b71</value>
         <object_component_ref idref="oc-2b"/>
      </symbol>
      <symbol id="sm-15f">
         <name>main3</name>
         <value>0x1901</value>
         <object_component_ref idref="oc-2b"/>
      </symbol>
      <symbol id="sm-160">
         <name>main2</name>
         <value>0x1ac9</value>
         <object_component_ref idref="oc-2b"/>
      </symbol>
      <symbol id="sm-161">
         <name>main4</name>
         <value>0x16dd</value>
         <object_component_ref idref="oc-2b"/>
      </symbol>
      <symbol id="sm-162">
         <name>lcdHandler</name>
         <value>0x1529</value>
         <object_component_ref idref="oc-2b"/>
      </symbol>
      <symbol id="sm-163">
         <name>buttonsHandler</name>
         <value>0x126d</value>
         <object_component_ref idref="oc-2b"/>
      </symbol>
      <symbol id="sm-164">
         <name>systickInit</name>
         <value>0x1401</value>
         <object_component_ref idref="oc-2b"/>
      </symbol>
      <symbol id="sm-18b">
         <name>lcdGoToXY</name>
         <value>0x20b7</value>
         <object_component_ref idref="oc-97"/>
      </symbol>
      <symbol id="sm-18c">
         <name>lcdWriteCommand</name>
         <value>0x2023</value>
         <object_component_ref idref="oc-97"/>
      </symbol>
      <symbol id="sm-18d">
         <name>lcdWriteString</name>
         <value>0x207f</value>
         <object_component_ref idref="oc-97"/>
      </symbol>
      <symbol id="sm-18e">
         <name>lcdWriteData</name>
         <value>0x1fd1</value>
         <object_component_ref idref="oc-97"/>
      </symbol>
      <symbol id="sm-18f">
         <name>lcdClearAndWriteString</name>
         <value>0x20a7</value>
         <object_component_ref idref="oc-97"/>
      </symbol>
      <symbol id="sm-190">
         <name>data8Bit</name>
         <value>0x20001038</value>
         <object_component_ref idref="oc-158"/>
      </symbol>
      <symbol id="sm-191">
         <name>lcdWriteChar</name>
         <value>0x2051</value>
         <object_component_ref idref="oc-97"/>
      </symbol>
      <symbol id="sm-192">
         <name>lcdClear</name>
         <value>0x209d</value>
         <object_component_ref idref="oc-97"/>
      </symbol>
      <symbol id="sm-193">
         <name>lcdInit</name>
         <value>0x20f1</value>
         <object_component_ref idref="oc-97"/>
      </symbol>
      <symbol id="sm-194">
         <name>lcdEnable</name>
         <value>0x1fa9</value>
         <object_component_ref idref="oc-97"/>
      </symbol>
      <symbol id="sm-1a0">
         <name>delayUs</name>
         <value>0x333b</value>
         <object_component_ref idref="oc-a7"/>
      </symbol>
      <symbol id="sm-1a1">
         <name>delayMs</name>
         <value>0x3321</value>
         <object_component_ref idref="oc-a7"/>
      </symbol>
      <symbol id="sm-1c0">
         <name>buttonsInit</name>
         <value>0x2d41</value>
         <object_component_ref idref="oc-72"/>
      </symbol>
      <symbol id="sm-1c1">
         <name>buttonsPoll</name>
         <value>0x2ca1</value>
         <object_component_ref idref="oc-72"/>
      </symbol>
      <symbol id="sm-1eb">
         <name>SysTickEnable</name>
         <value>0x34cd</value>
         <object_component_ref idref="oc-81"/>
      </symbol>
      <symbol id="sm-1ec">
         <name>SysTickIntEnable</name>
         <value>0x34e1</value>
         <object_component_ref idref="oc-86"/>
      </symbol>
      <symbol id="sm-1ed">
         <name>SysTickPeriodSet</name>
         <value>0x3589</value>
         <object_component_ref idref="oc-7c"/>
      </symbol>
      <symbol id="sm-24d">
         <name>SysCtlClockSet</name>
         <value>0x2bb1</value>
         <object_component_ref idref="oc-9d"/>
      </symbol>
      <symbol id="sm-24e">
         <name>SysCtlDelay</name>
         <value>0x35e1</value>
         <object_component_ref idref="oc-15c"/>
      </symbol>
      <symbol id="sm-24f">
         <name>SysCtlPeripheralEnable</name>
         <value>0x3359</value>
         <object_component_ref idref="oc-fe"/>
      </symbol>
      <symbol id="sm-250">
         <name>SysCtlClockGet</name>
         <value>0x299d</value>
         <object_component_ref idref="oc-77"/>
      </symbol>
      <symbol id="sm-251">
         <name>SysCtlPWMClockSet</name>
         <value>0x34b9</value>
         <object_component_ref idref="oc-f9"/>
      </symbol>
      <symbol id="sm-279">
         <name>PWMGenPeriodSet</name>
         <value>0x3577</value>
         <object_component_ref idref="oc-117"/>
      </symbol>
      <symbol id="sm-27a">
         <name>PWMPulseWidthSet</name>
         <value>0x3435</value>
         <object_component_ref idref="oc-11c"/>
      </symbol>
      <symbol id="sm-27b">
         <name>PWMOutputState</name>
         <value>0x3541</value>
         <object_component_ref idref="oc-126"/>
      </symbol>
      <symbol id="sm-27c">
         <name>PWMGenEnable</name>
         <value>0x35b3</value>
         <object_component_ref idref="oc-121"/>
      </symbol>
      <symbol id="sm-27d">
         <name>PWMGenConfigure</name>
         <value>0x3413</value>
         <object_component_ref idref="oc-112"/>
      </symbol>
      <symbol id="sm-286">
         <name>IntMasterEnable</name>
         <value>0x35cb</value>
         <object_component_ref idref="oc-a2"/>
      </symbol>
      <symbol id="sm-2d5">
         <name>GPIOPinTypePWM</name>
         <value>0x352f</value>
         <object_component_ref idref="oc-108"/>
      </symbol>
      <symbol id="sm-2d6">
         <name>GPIOPinConfigure</name>
         <value>0x317d</value>
         <object_component_ref idref="oc-10d"/>
      </symbol>
      <symbol id="sm-2d7">
         <name>GPIOPinTypeGPIOInput</name>
         <value>0x351d</value>
         <object_component_ref idref="oc-140"/>
      </symbol>
      <symbol id="sm-2d8">
         <name>GPIOPinTypeGPIOOutput</name>
         <value>0x346f</value>
         <object_component_ref idref="oc-103"/>
      </symbol>
      <symbol id="sm-2d9">
         <name>GPIOPinRead</name>
         <value>0x35d5</value>
         <object_component_ref idref="oc-13b"/>
      </symbol>
      <symbol id="sm-2da">
         <name>GPIODirModeSet</name>
         <value>0x33e9</value>
         <object_component_ref idref="oc-195"/>
      </symbol>
      <symbol id="sm-2db">
         <name>GPIOPinWrite</name>
         <value>0x35db</value>
         <object_component_ref idref="oc-12b"/>
      </symbol>
      <symbol id="sm-2dc">
         <name>GPIOPadConfigSet</name>
         <value>0x286d</value>
         <object_component_ref idref="oc-190"/>
      </symbol>
      <symbol id="sm-2e5">
         <name>CPUcpsie</name>
         <value>0x35a7</value>
         <object_component_ref idref="oc-15f"/>
      </symbol>
      <symbol id="sm-2f4">
         <name>_c_int00</name>
         <value>0x31c5</value>
         <object_component_ref idref="oc-10"/>
      </symbol>
      <symbol id="sm-2f5">
         <name>__stack</name>
         <value>0x20000000</value>
         <object_component_ref idref="oc-23"/>
      </symbol>
      <symbol id="sm-30b">
         <name>__TI_decompress_none</name>
         <value>0x3599</value>
         <object_component_ref idref="oc-14"/>
      </symbol>
      <symbol id="sm-32d">
         <name>__TI_decompress_rle24</name>
         <value>0x35e7</value>
         <object_component_ref idref="oc-1e"/>
      </symbol>
      <symbol id="sm-345">
         <name>__TI_zero_init</name>
         <value>0x3553</value>
         <object_component_ref idref="oc-19"/>
      </symbol>
      <symbol id="sm-361">
         <name>C$$EXIT</name>
         <value>0x3299</value>
         <object_component_ref idref="oc-3c"/>
      </symbol>
      <symbol id="sm-362">
         <name>abort</name>
         <value>0x329d</value>
         <object_component_ref idref="oc-3c"/>
      </symbol>
      <symbol id="sm-363">
         <name>exit</name>
         <value>0x32a5</value>
         <object_component_ref idref="oc-3c"/>
      </symbol>
      <symbol id="sm-364">
         <name>__TI_dtors_ptr</name>
         <value>0x20001034</value>
         <object_component_ref idref="oc-d2"/>
      </symbol>
      <symbol id="sm-365">
         <name>__TI_cleanup_ptr</name>
         <value>0x20001030</value>
         <object_component_ref idref="oc-d2"/>
      </symbol>
      <symbol id="sm-37f">
         <name>memcpy</name>
         <value>0x2d75</value>
         <object_component_ref idref="oc-44"/>
      </symbol>
      <symbol id="sm-380">
         <name>__aeabi_memcpy</name>
         <value>0x2d75</value>
         <object_component_ref idref="oc-44"/>
      </symbol>
      <symbol id="sm-381">
         <name>__aeabi_memcpy8</name>
         <value>0x2d75</value>
         <object_component_ref idref="oc-44"/>
      </symbol>
      <symbol id="sm-382">
         <name>__aeabi_memcpy4</name>
         <value>0x2d75</value>
         <object_component_ref idref="oc-44"/>
      </symbol>
      <symbol id="sm-3f3">
         <name>_sys_memory</name>
         <value>0x20000800</value>
         <object_component_ref idref="oc-24"/>
      </symbol>
      <symbol id="sm-3f4">
         <name>free</name>
         <value>0x1ccb</value>
         <object_component_ref idref="oc-66"/>
      </symbol>
      <symbol id="sm-3f5">
         <name>realloc</name>
         <value>0x1d8b</value>
         <object_component_ref idref="oc-66"/>
      </symbol>
      <symbol id="sm-3f6">
         <name>memalign</name>
         <value>0x1e91</value>
         <object_component_ref idref="oc-66"/>
      </symbol>
      <symbol id="sm-3f7">
         <name>calloc</name>
         <value>0x1f71</value>
         <object_component_ref idref="oc-66"/>
      </symbol>
      <symbol id="sm-3f8">
         <name>malloc</name>
         <value>0x1c69</value>
         <object_component_ref idref="oc-66"/>
      </symbol>
      <symbol id="sm-3f9">
         <name>minit</name>
         <value>0x1bdd</value>
         <object_component_ref idref="oc-66"/>
      </symbol>
      <symbol id="sm-411">
         <name>sprintf</name>
         <value>0x3019</value>
         <object_component_ref idref="oc-af"/>
      </symbol>
      <symbol id="sm-418">
         <name>main_func_sp</name>
         <value>0x2000103c</value>
         <object_component_ref idref="oc-41"/>
      </symbol>
      <symbol id="sm-42e">
         <name>_nop</name>
         <value>0x3503</value>
         <object_component_ref idref="oc-180"/>
      </symbol>
      <symbol id="sm-42f">
         <name>_lock</name>
         <value>0x20001028</value>
         <object_component_ref idref="oc-d0"/>
      </symbol>
      <symbol id="sm-430">
         <name>_unlock</name>
         <value>0x2000102c</value>
         <object_component_ref idref="oc-d0"/>
      </symbol>
      <symbol id="sm-431">
         <name>_register_lock</name>
         <value>0x34fb</value>
         <object_component_ref idref="oc-180"/>
      </symbol>
      <symbol id="sm-432">
         <name>_register_unlock</name>
         <value>0x34f5</value>
         <object_component_ref idref="oc-180"/>
      </symbol>
      <symbol id="sm-51a">
         <name>__TI_printfi</name>
         <value>0xdef</value>
         <object_component_ref idref="oc-16b"/>
      </symbol>
      <symbol id="sm-52d">
         <name>_args_main</name>
         <value>0x3489</value>
         <object_component_ref idref="oc-37"/>
      </symbol>
      <symbol id="sm-542">
         <name>atoi</name>
         <value>0x3131</value>
         <object_component_ref idref="oc-1fb"/>
      </symbol>
      <symbol id="sm-55e">
         <name>__TI_auto_init</name>
         <value>0x2e11</value>
         <object_component_ref idref="oc-33"/>
      </symbol>
      <symbol id="sm-576">
         <name>copy_in</name>
         <value>0x3255</value>
         <object_component_ref idref="oc-c8"/>
      </symbol>
      <symbol id="sm-580">
         <name>_ctypes_</name>
         <value>0x35ec</value>
         <object_component_ref idref="oc-23c"/>
      </symbol>
      <symbol id="sm-596">
         <name>__aeabi_dsub</name>
         <value>0x2581</value>
         <object_component_ref idref="oc-1e9"/>
      </symbol>
      <symbol id="sm-597">
         <name>__aeabi_dadd</name>
         <value>0x258b</value>
         <object_component_ref idref="oc-1e9"/>
      </symbol>
      <symbol id="sm-5b7">
         <name>__aeabi_cdcmpeq</name>
         <value>0x2ea5</value>
         <object_component_ref idref="oc-1cc"/>
      </symbol>
      <symbol id="sm-5b8">
         <name>__aeabi_cdcmple</name>
         <value>0x2ea5</value>
         <object_component_ref idref="oc-1cc"/>
      </symbol>
      <symbol id="sm-5b9">
         <name>__aeabi_cdrcmple</name>
         <value>0x2f23</value>
         <object_component_ref idref="oc-1d8"/>
      </symbol>
      <symbol id="sm-5cc">
         <name>__aeabi_ddiv</name>
         <value>0x2737</value>
         <object_component_ref idref="oc-1d4"/>
      </symbol>
      <symbol id="sm-5d6">
         <name>__aeabi_dmul</name>
         <value>0x2ab5</value>
         <object_component_ref idref="oc-1d0"/>
      </symbol>
      <symbol id="sm-5df">
         <name>__aeabi_d2iz</name>
         <value>0x320d</value>
         <object_component_ref idref="oc-1dc"/>
      </symbol>
      <symbol id="sm-5e8">
         <name>__aeabi_i2d</name>
         <value>0x338d</value>
         <object_component_ref idref="oc-1e5"/>
      </symbol>
      <symbol id="sm-5f0">
         <name>__aeabi_lmul</name>
         <value>0x34a1</value>
         <object_component_ref idref="oc-1c3"/>
      </symbol>
      <symbol id="sm-5fe">
         <name>ltoa</name>
         <value>0x30d7</value>
         <object_component_ref idref="oc-1e0"/>
      </symbol>
      <symbol id="sm-60d">
         <name>memccpy</name>
         <value>0x3453</value>
         <object_component_ref idref="oc-1f6"/>
      </symbol>
      <symbol id="sm-61b">
         <name>__aeabi_memset</name>
         <value>0x2fa3</value>
         <object_component_ref idref="oc-1ed"/>
      </symbol>
      <symbol id="sm-61c">
         <name>memset</name>
         <value>0x2fa9</value>
         <object_component_ref idref="oc-1ed"/>
      </symbol>
      <symbol id="sm-61d">
         <name>__aeabi_memset8</name>
         <value>0x2fa3</value>
         <object_component_ref idref="oc-1ed"/>
      </symbol>
      <symbol id="sm-61e">
         <name>__aeabi_memset4</name>
         <value>0x2fa3</value>
         <object_component_ref idref="oc-1ed"/>
      </symbol>
      <symbol id="sm-61f">
         <name>__aeabi_memclr8</name>
         <value>0x2fa1</value>
         <object_component_ref idref="oc-1ed"/>
      </symbol>
      <symbol id="sm-620">
         <name>__aeabi_memclr4</name>
         <value>0x2fa1</value>
         <object_component_ref idref="oc-1ed"/>
      </symbol>
      <symbol id="sm-621">
         <name>__aeabi_memclr</name>
         <value>0x2fa1</value>
         <object_component_ref idref="oc-1ed"/>
      </symbol>
      <symbol id="sm-62e">
         <name>strlen</name>
         <value>0x3509</value>
         <object_component_ref idref="oc-1c7"/>
      </symbol>
      <symbol id="sm-649">
         <name>__aeabi_uldivmod</name>
         <value>0x21c1</value>
         <object_component_ref idref="oc-1bf"/>
      </symbol>
      <symbol id="sm-652">
         <name>_Dclass</name>
         <value>0x3565</value>
         <object_component_ref idref="oc-1f1"/>
      </symbol>
      <symbol id="sm-663">
         <name>_Dtest</name>
         <value>0x32dd</value>
         <object_component_ref idref="oc-234"/>
      </symbol>
      <symbol id="sm-664">
         <name>__TI_static_base__</name>
         <value>0x0</value>
      </symbol>
      <symbol id="sm-665">
         <name>__TI_args_main</name>
         <value>0x1</value>
      </symbol>
      <symbol id="sm-666">
         <name>SHT$$INIT_ARRAY$$Limit</name>
         <value>0x0</value>
      </symbol>
      <symbol id="sm-667">
         <name>SHT$$INIT_ARRAY$$Base</name>
         <value>0x0</value>
      </symbol>
   </symbol_table>
   <title>Link successful</title>
</link_info>
